../Src/main.c:93:6:InitRCC	0	static
../Src/main.c:119:6:SysTick_Handler	0	static
../Src/main.c:130:6:InitGPIO	0	static
../Src/main.c:178:6:InitADC	0	static
../Src/main.c:220:6:AdcConvertCanAddress	0	static
../Src/main.c:249:6:CalculateDevicePosition	0	static
../Src/main.c:276:6:InitCAN	0	static
../Src/main.c:360:6:CAN_Receive	4	static
../Src/main.c:402:6:CAN1_RX1_IRQHandler	8	static
../Src/main.c:442:6:SendCanMessage	16	static
../Src/main.c:505:9:CAN_TransmitStatus	0	static
../Src/main.c:555:6:RCC_DeInit	0	static
../Src/main.c:577:6:DeinitEverything	8	static
../Src/main.c:599:6:jumpToApp	8	static,ignoring_inline_asm
../Src/main.c:621:6:FLASH_Unlock	0	static
../Src/main.c:637:6:FLASH_Lock	0	static
../Src/main.c:656:6:FLASH_ClearFlag	0	static
../Src/main.c:670:14:FLASH_GetBank1Status	0	static
../Src/main.c:693:14:FLASH_WaitForLastOperation	16	static
../Src/main.c:721:14:FLASH_ErasePage	16	static
../Src/main.c:747:14:FLASH_ProgramWord	16	static
../Src/main.c:793:9:EraseFlash	16	static
../Src/main.c:813:9:WriteFlash	16	static
../Src/main.c:828:9:WriteFlash8Bytes	16	static
../Src/main.c:851:6:ReadFlash8Bytes	0	static
../Src/main.c:857:10:ReadFlash	0	static
../Src/main.c:865:6:processCanMsgFunction	8	static
../Src/main.c:947:5:main	8	static
